// Jest Snapshot v1, https://goo.gl/fbAQLP

exports[`All LoginView Tests renders correctly 1`] = `
<View
  style={
    Object {
      "backgroundColor": "#ddd",
      "flex": 1,
    }
  }
>
  <Text
    style={
      Object {
        "color": "black",
        "fontSize": 30,
      }
    }
  >
    Login Screen
  </Text>
  <Text
    style={
      Object {
        "color": "black",
        "fontSize": 20,
      }
    }
  >
    Username
  </Text>
  <TextInput
    allowFontScaling={true}
    onChangeText={[Function]}
    placeholder="username"
    rejectResponderTermination={true}
    style={
      Object {
        "borderColor": "black",
        "borderWidth": 1,
        "fontSize": 20,
        "padding": 10,
      }
    }
    underlineColorAndroid="transparent"
  />
  <Text
    style={
      Object {
        "color": "black",
        "fontSize": 20,
      }
    }
  >
    Password
  </Text>
  <TextInput
    allowFontScaling={true}
    onChangeText={[Function]}
    placeholder="password"
    rejectResponderTermination={true}
    style={
      Object {
        "borderColor": "black",
        "borderWidth": 1,
        "fontSize": 20,
        "padding": 10,
      }
    }
    underlineColorAndroid="transparent"
  />
  <View
    accessibilityRole="button"
    accessibilityState={Object {}}
    accessible={true}
    focusable={true}
    onClick={[Function]}
    onResponderGrant={[Function]}
    onResponderMove={[Function]}
    onResponderRelease={[Function]}
    onResponderTerminate={[Function]}
    onResponderTerminationRequest={[Function]}
    onStartShouldSetResponder={[Function]}
    style={
      Object {
        "opacity": 1,
      }
    }
  >
    <View
      style={
        Array [
          Object {},
        ]
      }
    >
      <Text
        style={
          Array [
            Object {
              "color": "#007AFF",
              "fontSize": 18,
              "margin": 8,
              "textAlign": "center",
            },
          ]
        }
      >
        Login
      </Text>
    </View>
  </View>
</View>
`;
